2026-03-04 06:07:29,430 - Automation.pages.login_page - INFO - Entering username
2026-03-04 06:07:29,569 - Automation.pages.login_page - INFO - Entering password
2026-03-04 06:07:29,649 - Automation.pages.login_page - INFO - Clicking login button
2026-03-04 06:07:37,133 - Automation.pages.login_page - INFO - Entering username
2026-03-04 06:07:37,227 - Automation.pages.login_page - INFO - Entering password
2026-03-04 06:07:37,287 - Automation.pages.login_page - INFO - Clicking login button
